Archive member included to satisfy reference by file (symbol)

c:/program files/microchip/xc8/v2.20/avr/bin/../lib/gcc/avr/5.4.0/avrxmega3/short-calls\libgcc.a(_exit.o)
                              C:/Users/edog0049a/.mchp_packs/Microchip/ATtiny_DFP/2.7.128/xc8/avr/lib/avrxmega3/short-calls/crtattiny416.o (exit)
c:/program files/microchip/xc8/v2.20/avr/bin/../lib/gcc/avr/5.4.0/avrxmega3/short-calls\libgcc.a(_copy_data.o)
                              build/default/production/mcc_generated_files/src/twi0_master.o (__do_copy_data)
c:/program files/microchip/xc8/v2.20/avr/bin/../lib/gcc/avr/5.4.0/../../../../avr/lib/avrxmega3/short-calls\libc.a(memset.o)
                              build/default/production/I2C.o (memset)

Discarded input sections

 .data          0x0000000000000000        0x0 C:/Users/edog0049a/.mchp_packs/Microchip/ATtiny_DFP/2.7.128/xc8/avr/lib/avrxmega3/short-calls/crtattiny416.o
 .bss           0x0000000000000000        0x0 C:/Users/edog0049a/.mchp_packs/Microchip/ATtiny_DFP/2.7.128/xc8/avr/lib/avrxmega3/short-calls/crtattiny416.o
 .text          0x0000000000000000        0x0 build/default/production/mcc_generated_files/src/protected_io.o
 .data          0x0000000000000000        0x0 build/default/production/mcc_generated_files/src/protected_io.o
 .bss           0x0000000000000000        0x0 build/default/production/mcc_generated_files/src/protected_io.o
 .text          0x0000000000000000        0x0 build/default/production/mcc_generated_files/src/cpuint.o
 .data          0x0000000000000000        0x0 build/default/production/mcc_generated_files/src/cpuint.o
 .bss           0x0000000000000000        0x0 build/default/production/mcc_generated_files/src/cpuint.o
 .text          0x0000000000000000        0x0 build/default/production/mcc_generated_files/src/pin_manager.o
 .data          0x0000000000000000        0x0 build/default/production/mcc_generated_files/src/pin_manager.o
 .bss           0x0000000000000000        0x0 build/default/production/mcc_generated_files/src/pin_manager.o
 .text.PORTB_PB1_DefaultInterruptHandler
                0x0000000000000000        0x2 build/default/production/mcc_generated_files/src/pin_manager.o
 .text.PORTB_PB0_DefaultInterruptHandler
                0x0000000000000000        0x2 build/default/production/mcc_generated_files/src/pin_manager.o
 .text.PORTB_PB1_SetInterruptHandler
                0x0000000000000000        0x2 build/default/production/mcc_generated_files/src/pin_manager.o
 .text.PORTB_PB0_SetInterruptHandler
                0x0000000000000000        0x2 build/default/production/mcc_generated_files/src/pin_manager.o
 .text          0x0000000000000000        0x0 build/default/production/mcc_generated_files/src/twi0_master.o
 .data          0x0000000000000000        0x0 build/default/production/mcc_generated_files/src/twi0_master.o
 .bss           0x0000000000000000        0x0 build/default/production/mcc_generated_files/src/twi0_master.o
 .text.IC_SetDataCompleteCallback
                0x0000000000000000        0xa build/default/production/mcc_generated_files/src/twi0_master.o
 .text.IC_SetWriteCollisionCallback
                0x0000000000000000        0xa build/default/production/mcc_generated_files/src/twi0_master.o
 .text.IC_SetDataNackCallback
                0x0000000000000000        0xa build/default/production/mcc_generated_files/src/twi0_master.o
 .text.IC_SetTimeoutCallback
                0x0000000000000000        0xa build/default/production/mcc_generated_files/src/twi0_master.o
 .text.IC_SetAddress
                0x0000000000000000        0x6 build/default/production/mcc_generated_files/src/twi0_master.o
 .text.IC_MasterOpen
                0x0000000000000000        0x8 build/default/production/mcc_generated_files/src/twi0_master.o
 .text.IC_MasterClose
                0x0000000000000000        0x6 build/default/production/mcc_generated_files/src/twi0_master.o
 .text.IC_MasterEnableIrq
                0x0000000000000000        0xc build/default/production/mcc_generated_files/src/twi0_master.o
 .text.IC_MasterIsIrqEnabled
                0x0000000000000000       0x20 build/default/production/mcc_generated_files/src/twi0_master.o
 .text.IC_SetTimeout
                0x0000000000000000       0x18 build/default/production/mcc_generated_files/src/twi0_master.o
 .text.IC_MasterRead
                0x0000000000000000        0x6 build/default/production/mcc_generated_files/src/twi0_master.o
 .text.IC_MasterGetRxData
                0x0000000000000000        0x6 build/default/production/mcc_generated_files/src/twi0_master.o
 .text.IC_MasterTxData
                0x0000000000000000        0x6 build/default/production/mcc_generated_files/src/twi0_master.o
 .text.IC_MasterTxAddr
                0x0000000000000000        0x6 build/default/production/mcc_generated_files/src/twi0_master.o
 .text.IC_SetReturnStopCallback
                0x0000000000000000        0x4 build/default/production/mcc_generated_files/src/twi0_master.o
 .text.IC_SetReturnResetCallback
                0x0000000000000000        0x4 build/default/production/mcc_generated_files/src/twi0_master.o
 .text.IC_SetRestartReadCallback
                0x0000000000000000        0x4 build/default/production/mcc_generated_files/src/twi0_master.o
 .text          0x0000000000000000        0x0 build/default/production/mcc_generated_files/device_config.o
 .data          0x0000000000000000        0x0 build/default/production/mcc_generated_files/device_config.o
 .bss           0x0000000000000000        0x0 build/default/production/mcc_generated_files/device_config.o
 .text          0x0000000000000000        0x0 build/default/production/mcc_generated_files/mcc.o
 .data          0x0000000000000000        0x0 build/default/production/mcc_generated_files/mcc.o
 .bss           0x0000000000000000        0x0 build/default/production/mcc_generated_files/mcc.o
 .text          0x0000000000000000        0x0 build/default/production/main.o
 .data          0x0000000000000000        0x0 build/default/production/main.o
 .bss           0x0000000000000000        0x0 build/default/production/main.o
 .text          0x0000000000000000        0x0 build/default/production/SSD1306.o
 .data          0x0000000000000000        0x0 build/default/production/SSD1306.o
 .bss           0x0000000000000000        0x0 build/default/production/SSD1306.o
 .text          0x0000000000000000        0x0 build/default/production/mcc_generated_files/examples/twi0_master_example.o
 .data          0x0000000000000000        0x0 build/default/production/mcc_generated_files/examples/twi0_master_example.o
 .bss           0x0000000000000000        0x0 build/default/production/mcc_generated_files/examples/twi0_master_example.o
 .text.wr1RegCompleteHandler_example
                0x0000000000000000       0x14 build/default/production/mcc_generated_files/examples/twi0_master_example.o
 .text.rd1RegCompleteHandler_example
                0x0000000000000000       0x14 build/default/production/mcc_generated_files/examples/twi0_master_example.o
 .text.rd2RegCompleteHandler_example
                0x0000000000000000       0x14 build/default/production/mcc_generated_files/examples/twi0_master_example.o
 .text.wr2RegCompleteHandler_example
                0x0000000000000000       0x14 build/default/production/mcc_generated_files/examples/twi0_master_example.o
 .text.rdBlkRegCompleteHandler_example
                0x0000000000000000       0x1a build/default/production/mcc_generated_files/examples/twi0_master_example.o
 .text.IC_example_write1ByteRegister
                0x0000000000000000       0x4e build/default/production/mcc_generated_files/examples/twi0_master_example.o
 .text.IC_example_writeNBytes
                0x0000000000000000       0x3c build/default/production/mcc_generated_files/examples/twi0_master_example.o
 .text.IC_example_read1ByteRegister
                0x0000000000000000       0x6e build/default/production/mcc_generated_files/examples/twi0_master_example.o
 .text.IC_example_read2ByteRegister
                0x0000000000000000       0x5a build/default/production/mcc_generated_files/examples/twi0_master_example.o
 .text.IC_example_write2ByteRegister
                0x0000000000000000       0x54 build/default/production/mcc_generated_files/examples/twi0_master_example.o
 .text.IC_example_readDataBlock
                0x0000000000000000       0x5a build/default/production/mcc_generated_files/examples/twi0_master_example.o
 .text.IC_example_readNBytes
                0x0000000000000000       0x32 build/default/production/mcc_generated_files/examples/twi0_master_example.o
 .debug_info    0x0000000000000000      0xc9c build/default/production/mcc_generated_files/examples/twi0_master_example.o
 .debug_abbrev  0x0000000000000000      0x160 build/default/production/mcc_generated_files/examples/twi0_master_example.o
 .debug_loc     0x0000000000000000      0x512 build/default/production/mcc_generated_files/examples/twi0_master_example.o
 .debug_aranges
                0x0000000000000000       0x78 build/default/production/mcc_generated_files/examples/twi0_master_example.o
 .debug_ranges  0x0000000000000000       0x68 build/default/production/mcc_generated_files/examples/twi0_master_example.o
 .debug_line    0x0000000000000000      0x3b0 build/default/production/mcc_generated_files/examples/twi0_master_example.o
 .debug_str     0x0000000000000000       0x75 build/default/production/mcc_generated_files/examples/twi0_master_example.o
 .comment       0x0000000000000000       0x30 build/default/production/mcc_generated_files/examples/twi0_master_example.o
 .debug_frame   0x0000000000000000      0x18c build/default/production/mcc_generated_files/examples/twi0_master_example.o
 .text          0x0000000000000000        0x0 build/default/production/BME280.o
 .data          0x0000000000000000        0x0 build/default/production/BME280.o
 .bss           0x0000000000000000        0x0 build/default/production/BME280.o
 .debug_line    0x0000000000000000        0x0 build/default/production/BME280.o
 .debug_str     0x0000000000000000        0x0 build/default/production/BME280.o
 .comment       0x0000000000000000       0x30 build/default/production/BME280.o
 .text          0x0000000000000000        0x0 build/default/production/I2C.o
 .data          0x0000000000000000        0x0 build/default/production/I2C.o
 .bss           0x0000000000000000        0x0 build/default/production/I2C.o
 .text.I2C_Set_Buffer_Index
                0x0000000000000000        0x6 build/default/production/I2C.o
 .text          0x0000000000000000        0x0 c:/program files/microchip/xc8/v2.20/avr/bin/../lib/gcc/avr/5.4.0/avrxmega3/short-calls\libgcc.a(_exit.o)
 .data          0x0000000000000000        0x0 c:/program files/microchip/xc8/v2.20/avr/bin/../lib/gcc/avr/5.4.0/avrxmega3/short-calls\libgcc.a(_exit.o)
 .bss           0x0000000000000000        0x0 c:/program files/microchip/xc8/v2.20/avr/bin/../lib/gcc/avr/5.4.0/avrxmega3/short-calls\libgcc.a(_exit.o)
 .text.libgcc.mul
                0x0000000000000000        0x0 c:/program files/microchip/xc8/v2.20/avr/bin/../lib/gcc/avr/5.4.0/avrxmega3/short-calls\libgcc.a(_exit.o)
 .text.libgcc.div
                0x0000000000000000        0x0 c:/program files/microchip/xc8/v2.20/avr/bin/../lib/gcc/avr/5.4.0/avrxmega3/short-calls\libgcc.a(_exit.o)
 .text.libgcc   0x0000000000000000        0x0 c:/program files/microchip/xc8/v2.20/avr/bin/../lib/gcc/avr/5.4.0/avrxmega3/short-calls\libgcc.a(_exit.o)
 .text.libgcc.prologue
                0x0000000000000000        0x0 c:/program files/microchip/xc8/v2.20/avr/bin/../lib/gcc/avr/5.4.0/avrxmega3/short-calls\libgcc.a(_exit.o)
 .text.libgcc.builtins
                0x0000000000000000        0x0 c:/program files/microchip/xc8/v2.20/avr/bin/../lib/gcc/avr/5.4.0/avrxmega3/short-calls\libgcc.a(_exit.o)
 .text.libgcc.fmul
                0x0000000000000000        0x0 c:/program files/microchip/xc8/v2.20/avr/bin/../lib/gcc/avr/5.4.0/avrxmega3/short-calls\libgcc.a(_exit.o)
 .text.libgcc.fixed
                0x0000000000000000        0x0 c:/program files/microchip/xc8/v2.20/avr/bin/../lib/gcc/avr/5.4.0/avrxmega3/short-calls\libgcc.a(_exit.o)
 .text          0x0000000000000000        0x0 c:/program files/microchip/xc8/v2.20/avr/bin/../lib/gcc/avr/5.4.0/avrxmega3/short-calls\libgcc.a(_copy_data.o)
 .data          0x0000000000000000        0x0 c:/program files/microchip/xc8/v2.20/avr/bin/../lib/gcc/avr/5.4.0/avrxmega3/short-calls\libgcc.a(_copy_data.o)
 .bss           0x0000000000000000        0x0 c:/program files/microchip/xc8/v2.20/avr/bin/../lib/gcc/avr/5.4.0/avrxmega3/short-calls\libgcc.a(_copy_data.o)
 .text.libgcc.mul
                0x0000000000000000        0x0 c:/program files/microchip/xc8/v2.20/avr/bin/../lib/gcc/avr/5.4.0/avrxmega3/short-calls\libgcc.a(_copy_data.o)
 .text.libgcc.div
                0x0000000000000000        0x0 c:/program files/microchip/xc8/v2.20/avr/bin/../lib/gcc/avr/5.4.0/avrxmega3/short-calls\libgcc.a(_copy_data.o)
 .text.libgcc   0x0000000000000000        0x0 c:/program files/microchip/xc8/v2.20/avr/bin/../lib/gcc/avr/5.4.0/avrxmega3/short-calls\libgcc.a(_copy_data.o)
 .text.libgcc.prologue
                0x0000000000000000        0x0 c:/program files/microchip/xc8/v2.20/avr/bin/../lib/gcc/avr/5.4.0/avrxmega3/short-calls\libgcc.a(_copy_data.o)
 .text.libgcc.builtins
                0x0000000000000000        0x0 c:/program files/microchip/xc8/v2.20/avr/bin/../lib/gcc/avr/5.4.0/avrxmega3/short-calls\libgcc.a(_copy_data.o)
 .text.libgcc.fmul
                0x0000000000000000        0x0 c:/program files/microchip/xc8/v2.20/avr/bin/../lib/gcc/avr/5.4.0/avrxmega3/short-calls\libgcc.a(_copy_data.o)
 .text.libgcc.fixed
                0x0000000000000000        0x0 c:/program files/microchip/xc8/v2.20/avr/bin/../lib/gcc/avr/5.4.0/avrxmega3/short-calls\libgcc.a(_copy_data.o)
 .text          0x0000000000000000        0x0 c:/program files/microchip/xc8/v2.20/avr/bin/../lib/gcc/avr/5.4.0/../../../../avr/lib/avrxmega3/short-calls\libc.a(memset.o)
 .data          0x0000000000000000        0x0 c:/program files/microchip/xc8/v2.20/avr/bin/../lib/gcc/avr/5.4.0/../../../../avr/lib/avrxmega3/short-calls\libc.a(memset.o)
 .bss           0x0000000000000000        0x0 c:/program files/microchip/xc8/v2.20/avr/bin/../lib/gcc/avr/5.4.0/../../../../avr/lib/avrxmega3/short-calls\libc.a(memset.o)

Memory Configuration

Name             Origin             Length             Attributes
text             0x0000000000000000 0x0000000000001000 xr
data             0x0000000000803f00 0x0000000000000100 rw !x
eeprom           0x0000000000810000 0x0000000000000080 rw !x
fuse             0x0000000000820000 0x000000000000000a rw !x
lock             0x0000000000830000 0x0000000000000400 rw !x
signature        0x0000000000840000 0x0000000000000400 rw !x
user_signatures  0x0000000000850000 0x0000000000000400 rw !x
*default*        0x0000000000000000 0xffffffffffffffff

Linker script and memory map

Address of section .data set to 0x803f00
                0x0000000000008000                __RODATA_PM_OFFSET__ = 0x8000
LOAD C:/Users/edog0049a/.mchp_packs/Microchip/ATtiny_DFP/2.7.128/xc8/avr/lib/avrxmega3/short-calls/crtattiny416.o
                0x0000000000000001                __MPLAB_BUILD = 0x1
LOAD build/default/production/mcc_generated_files/src/protected_io.o
LOAD build/default/production/mcc_generated_files/src/cpuint.o
LOAD build/default/production/mcc_generated_files/src/pin_manager.o
LOAD build/default/production/mcc_generated_files/src/twi0_master.o
LOAD build/default/production/mcc_generated_files/device_config.o
LOAD build/default/production/mcc_generated_files/mcc.o
LOAD build/default/production/main.o
LOAD build/default/production/SSD1306.o
LOAD build/default/production/mcc_generated_files/examples/twi0_master_example.o
LOAD build/default/production/BME280.o
LOAD build/default/production/I2C.o
START GROUP
LOAD c:/program files/microchip/xc8/v2.20/avr/bin/../lib/gcc/avr/5.4.0/../../../../avr/lib/avrxmega3/short-calls\libm.a
END GROUP
START GROUP
LOAD c:/program files/microchip/xc8/v2.20/avr/bin/../lib/gcc/avr/5.4.0/avrxmega3/short-calls\libgcc.a
LOAD c:/program files/microchip/xc8/v2.20/avr/bin/../lib/gcc/avr/5.4.0/../../../../avr/lib/avrxmega3/short-calls\libm.a
LOAD c:/program files/microchip/xc8/v2.20/avr/bin/../lib/gcc/avr/5.4.0/../../../../avr/lib/avrxmega3/short-calls\libc.a
LOAD C:/Users/edog0049a/.mchp_packs/Microchip/ATtiny_DFP/2.7.128/xc8/avr/lib/avrxmega3/short-calls\libattiny416.a
END GROUP
                [0x0000000000000000]                __TEXT_REGION_ORIGIN__ = DEFINED (__TEXT_REGION_ORIGIN__)?__TEXT_REGION_ORIGIN__:0x0
                [0x0000000000803f00]                __DATA_REGION_ORIGIN__ = DEFINED (__DATA_REGION_ORIGIN__)?__DATA_REGION_ORIGIN__:0x802000
                [0x0000000000001000]                __TEXT_REGION_LENGTH__ = DEFINED (__TEXT_REGION_LENGTH__)?__TEXT_REGION_LENGTH__:0x100000
                [0x0000000000000100]                __DATA_REGION_LENGTH__ = DEFINED (__DATA_REGION_LENGTH__)?__DATA_REGION_LENGTH__:0xffa0
                [0x0000000000000080]                __EEPROM_REGION_LENGTH__ = DEFINED (__EEPROM_REGION_LENGTH__)?__EEPROM_REGION_LENGTH__:0x10000
                [0x000000000000000a]                __FUSE_REGION_LENGTH__ = DEFINED (__FUSE_REGION_LENGTH__)?__FUSE_REGION_LENGTH__:0x400
                0x0000000000000400                __LOCK_REGION_LENGTH__ = DEFINED (__LOCK_REGION_LENGTH__)?__LOCK_REGION_LENGTH__:0x400
                0x0000000000000400                __SIGNATURE_REGION_LENGTH__ = DEFINED (__SIGNATURE_REGION_LENGTH__)?__SIGNATURE_REGION_LENGTH__:0x400
                0x0000000000000400                __USER_SIGNATURE_REGION_LENGTH__ = DEFINED (__USER_SIGNATURE_REGION_LENGTH__)?__USER_SIGNATURE_REGION_LENGTH__:0x400
                0x0000000000008000                __RODATA_PM_OFFSET__ = DEFINED (__RODATA_PM_OFFSET__)?__RODATA_PM_OFFSET__:0x8000

.hash
 *(.hash)

.dynsym
 *(.dynsym)

.dynstr
 *(.dynstr)

.gnu.version
 *(.gnu.version)

.gnu.version_d
 *(.gnu.version_d)

.gnu.version_r
 *(.gnu.version_r)

.rel.init
 *(.rel.init)

.rela.init
 *(.rela.init)

.rel.text
 *(.rel.text)
 *(.rel.text.*)
 *(.rel.gnu.linkonce.t*)

.rela.text
 *(.rela.text)
 *(.rela.text.*)
 *(.rela.gnu.linkonce.t*)

.rel.fini
 *(.rel.fini)

.rela.fini
 *(.rela.fini)

.rel.rodata
 *(.rel.rodata)
 *(.rel.rodata.*)
 *(.rel.gnu.linkonce.r*)

.rela.rodata
 *(.rela.rodata)
 *(.rela.rodata.*)
 *(.rela.gnu.linkonce.r*)

.rel.data
 *(.rel.data)
 *(.rel.data.*)
 *(.rel.gnu.linkonce.d*)

.rela.data
 *(.rela.data)
 *(.rela.data.*)
 *(.rela.gnu.linkonce.d*)

.rel.ctors
 *(.rel.ctors)

.rela.ctors
 *(.rela.ctors)

.rel.dtors
 *(.rel.dtors)

.rela.dtors
 *(.rela.dtors)

.rel.got
 *(.rel.got)

.rela.got
 *(.rela.got)

.rel.bss
 *(.rel.bss)

.rela.bss
 *(.rela.bss)

.rel.plt
 *(.rel.plt)

.rela.plt
 *(.rela.plt)

.text           0x0000000000000000       0x98
 *(.vectors)
 .vectors       0x0000000000000000       0x34 C:/Users/edog0049a/.mchp_packs/Microchip/ATtiny_DFP/2.7.128/xc8/avr/lib/avrxmega3/short-calls/crtattiny416.o
                0x0000000000000000                __vector_default
                0x0000000000000000                __vectors
 *(.vectors)
 *(.progmem.gcc*)
 *(.dinit)
 .dinit         0x0000000000000034       0x13 data_init
                0x0000000000000048                . = ALIGN (0x2)
 *fill*         0x0000000000000047        0x1 
                0x0000000000000048                __trampolines_start = .
 *(.trampolines)
 .trampolines   0x0000000000000048        0x0 linker stubs
 *(.trampolines*)
                0x0000000000000048                __trampolines_end = .
 *libprintf_flt.a:*(.progmem.data)
 *libc.a:*(.progmem.data)
                0x0000000000000048                . = ALIGN (0x2)
 *(.jumptables)
 *(.jumptables*)
 *(.lowtext)
 *(.lowtext*)
                0x0000000000000048                __ctors_start = .
 *(.ctors)
                0x0000000000000048                __ctors_end = .
                0x0000000000000048                __dtors_start = .
 *(.dtors)
                0x0000000000000048                __dtors_end = .
 SORT(*)(.ctors)
 SORT(*)(.dtors)
 *(.init0)
 .init0         0x0000000000000048        0x0 C:/Users/edog0049a/.mchp_packs/Microchip/ATtiny_DFP/2.7.128/xc8/avr/lib/avrxmega3/short-calls/crtattiny416.o
                0x0000000000000048                __init
 *(.init0)
 *(.init1)
 *(.init1)
 *(.init2)
 .init2         0x0000000000000048        0xc C:/Users/edog0049a/.mchp_packs/Microchip/ATtiny_DFP/2.7.128/xc8/avr/lib/avrxmega3/short-calls/crtattiny416.o
 *(.init2)
 *(.init3)
 *(.init3)
 *(.init4)
 .init4         0x0000000000000054       0x3c c:/program files/microchip/xc8/v2.20/avr/bin/../lib/gcc/avr/5.4.0/avrxmega3/short-calls\libgcc.a(_copy_data.o)
                0x0000000000000054                __do_copy_data
                0x0000000000000082                __do_clear_bss
 *(.init4)
 *(.init5)
 *(.init5)
 *(.init6)
 *(.init6)
 *(.init7)
 *(.init7)
 *(.init8)
 *(.init8)
 *(.init9)
 .init9         0x0000000000000090        0x4 C:/Users/edog0049a/.mchp_packs/Microchip/ATtiny_DFP/2.7.128/xc8/avr/lib/avrxmega3/short-calls/crtattiny416.o
 *(.init9)
                0x0000000000000094                . = ALIGN (0x2)
 *(.fini9)
 .fini9         0x0000000000000094        0x0 c:/program files/microchip/xc8/v2.20/avr/bin/../lib/gcc/avr/5.4.0/avrxmega3/short-calls\libgcc.a(_exit.o)
                0x0000000000000094                _exit
                0x0000000000000094                exit
 *(.fini9)
 *(.fini8)
 *(.fini8)
 *(.fini7)
 *(.fini7)
 *(.fini6)
 *(.fini6)
 *(.fini5)
 *(.fini5)
 *(.fini4)
 *(.fini4)
 *(.fini3)
 *(.fini3)
 *(.fini2)
 *(.fini2)
 *(.fini1)
 *(.fini1)
 *(.fini0)
 .fini0         0x0000000000000094        0x4 c:/program files/microchip/xc8/v2.20/avr/bin/../lib/gcc/avr/5.4.0/avrxmega3/short-calls\libgcc.a(_exit.o)
 *(.fini0)
                0x0000000000000098                _etext = .

.data           0x0000000000803f00        0x0 load address 0x0000000000000098
                [!provide]                        PROVIDE (__data_start, .)
 *(.gnu.linkonce.d*)
                0x0000000000803f00                . = ALIGN (0x2)
                0x0000000000803f00                _edata = .
                [!provide]                        PROVIDE (__data_end, .)

.bss            0x0000000000803f00        0x0
                [!provide]                        PROVIDE (__bss_start, .)
 *(COMMON)
                [!provide]                        PROVIDE (__bss_end, .)
                0x0000000000000098                __data_load_start = LOADADDR (.data)
                0x0000000000000098                __data_load_end = (__data_load_start + SIZEOF (.data))

.noinit         0x0000000000803f00        0x0
                [!provide]                        PROVIDE (__noinit_start, .)
 *(.noinit*)
                [!provide]                        PROVIDE (__noinit_end, .)
                0x0000000000803f00                _end = .

.eeprom         0x0000000000810000        0x0
 *(.eeprom*)
                0x0000000000810000                __eeprom_end = .

.fuse           0x0000000000820000        0x9
 *(.fuse)
 .fuse          0x0000000000820000        0x9 build/default/production/mcc_generated_files/device_config.o
                0x0000000000820000                __fuse
 *(.lfuse)
 *(.hfuse)
 *(.efuse)

.lock
 *(.lock*)

.signature
 *(.signature*)

.user_signatures
 *(.user_signatures*)

.stab
 *(.stab)

.stabstr
 *(.stabstr)

.stab.excl
 *(.stab.excl)

.stab.exclstr
 *(.stab.exclstr)

.stab.index
 *(.stab.index)

.stab.indexstr
 *(.stab.indexstr)

.comment        0x0000000000000000       0x2f
 *(.comment)
 .comment       0x0000000000000000       0x2f build/default/production/mcc_generated_files/src/cpuint.o
                                         0x30 (size before relaxing)
 .comment       0x000000000000002f       0x30 build/default/production/mcc_generated_files/src/pin_manager.o
 .comment       0x000000000000002f       0x30 build/default/production/mcc_generated_files/src/twi0_master.o
 .comment       0x000000000000002f       0x30 build/default/production/mcc_generated_files/device_config.o
 .comment       0x000000000000002f       0x30 build/default/production/mcc_generated_files/mcc.o
 .comment       0x000000000000002f       0x30 build/default/production/main.o
 .comment       0x000000000000002f       0x30 build/default/production/SSD1306.o
 .comment       0x000000000000002f       0x30 build/default/production/I2C.o

.note.gnu.build-id
 *(.note.gnu.build-id)

.debug
 *(.debug)

.line
 *(.line)

.debug_srcinfo
 *(.debug_srcinfo)

.debug_sfnames
 *(.debug_sfnames)

.debug_aranges  0x0000000000000000      0x3a0
 *(.debug_aranges)
 .debug_aranges
                0x0000000000000000       0x20 build/default/production/mcc_generated_files/src/protected_io.o
 .debug_aranges
                0x0000000000000020       0x20 build/default/production/mcc_generated_files/src/cpuint.o
 .debug_aranges
                0x0000000000000040       0x48 build/default/production/mcc_generated_files/src/pin_manager.o
 .debug_aranges
                0x0000000000000088      0x1f8 build/default/production/mcc_generated_files/src/twi0_master.o
 .debug_aranges
                0x0000000000000280       0x18 build/default/production/mcc_generated_files/device_config.o
 .debug_aranges
                0x0000000000000298       0x48 build/default/production/mcc_generated_files/mcc.o
 .debug_aranges
                0x00000000000002e0       0x20 build/default/production/main.o
 .debug_aranges
                0x0000000000000300       0x50 build/default/production/SSD1306.o
 .debug_aranges
                0x0000000000000350       0x50 build/default/production/I2C.o

.debug_pubnames
 *(.debug_pubnames)

.debug_info     0x0000000000000000     0x5f50
 *(.debug_info .gnu.linkonce.wi.*)
 .debug_info    0x0000000000000000     0x16bc C:/Users/edog0049a/.mchp_packs/Microchip/ATtiny_DFP/2.7.128/xc8/avr/lib/avrxmega3/short-calls/crtattiny416.o
 .debug_info    0x00000000000016bc       0x7a build/default/production/mcc_generated_files/src/protected_io.o
 .debug_info    0x0000000000001736      0x3bc build/default/production/mcc_generated_files/src/cpuint.o
 .debug_info    0x0000000000001af2      0x68c build/default/production/mcc_generated_files/src/pin_manager.o
 .debug_info    0x000000000000217e     0x1973 build/default/production/mcc_generated_files/src/twi0_master.o
 .debug_info    0x0000000000003af1      0x7f0 build/default/production/mcc_generated_files/device_config.o
 .debug_info    0x00000000000042e1      0x96a build/default/production/mcc_generated_files/mcc.o
 .debug_info    0x0000000000004c4b      0x59d build/default/production/main.o
 .debug_info    0x00000000000051e8      0x80b build/default/production/SSD1306.o
 .debug_info    0x00000000000059f3      0x55d build/default/production/I2C.o

.debug_abbrev   0x0000000000000000     0x208f
 *(.debug_abbrev)
 .debug_abbrev  0x0000000000000000     0x1582 C:/Users/edog0049a/.mchp_packs/Microchip/ATtiny_DFP/2.7.128/xc8/avr/lib/avrxmega3/short-calls/crtattiny416.o
 .debug_abbrev  0x0000000000001582       0x14 build/default/production/mcc_generated_files/src/protected_io.o
 .debug_abbrev  0x0000000000001596       0xfa build/default/production/mcc_generated_files/src/cpuint.o
 .debug_abbrev  0x0000000000001690      0x160 build/default/production/mcc_generated_files/src/pin_manager.o
 .debug_abbrev  0x00000000000017f0      0x383 build/default/production/mcc_generated_files/src/twi0_master.o
 .debug_abbrev  0x0000000000001b73       0x97 build/default/production/mcc_generated_files/device_config.o
 .debug_abbrev  0x0000000000001c0a      0x169 build/default/production/mcc_generated_files/mcc.o
 .debug_abbrev  0x0000000000001d73       0xc2 build/default/production/main.o
 .debug_abbrev  0x0000000000001e35      0x134 build/default/production/SSD1306.o
 .debug_abbrev  0x0000000000001f69      0x126 build/default/production/I2C.o

.debug_line     0x0000000000000000     0x1845
 *(.debug_line .debug_line.* .debug_line_end)
 .debug_line    0x0000000000000000      0x136 C:/Users/edog0049a/.mchp_packs/Microchip/ATtiny_DFP/2.7.128/xc8/avr/lib/avrxmega3/short-calls/crtattiny416.o
 .debug_line    0x0000000000000136       0x66 build/default/production/mcc_generated_files/src/protected_io.o
 .debug_line    0x000000000000019c      0x174 build/default/production/mcc_generated_files/src/cpuint.o
 .debug_line    0x0000000000000310      0x266 build/default/production/mcc_generated_files/src/pin_manager.o
 .debug_line    0x0000000000000576      0xb01 build/default/production/mcc_generated_files/src/twi0_master.o
 .debug_line    0x0000000000001077       0xdf build/default/production/mcc_generated_files/device_config.o
 .debug_line    0x0000000000001156      0x248 build/default/production/mcc_generated_files/mcc.o
 .debug_line    0x000000000000139e       0xec build/default/production/main.o
 .debug_line    0x000000000000148a      0x22d build/default/production/SSD1306.o
 .debug_line    0x00000000000016b7      0x18e build/default/production/I2C.o

.debug_frame    0x0000000000000000      0x6cc
 *(.debug_frame)
 .debug_frame   0x0000000000000000       0x24 build/default/production/mcc_generated_files/src/cpuint.o
 .debug_frame   0x0000000000000024       0x80 build/default/production/mcc_generated_files/src/pin_manager.o
 .debug_frame   0x00000000000000a4      0x400 build/default/production/mcc_generated_files/src/twi0_master.o
 .debug_frame   0x00000000000004a4       0x84 build/default/production/mcc_generated_files/mcc.o
 .debug_frame   0x0000000000000528       0x34 build/default/production/main.o
 .debug_frame   0x000000000000055c       0xcc build/default/production/SSD1306.o
 .debug_frame   0x0000000000000628       0xa4 build/default/production/I2C.o

.debug_str      0x0000000000000000      0xb31
 *(.debug_str)
 .debug_str     0x0000000000000000      0x9a7 C:/Users/edog0049a/.mchp_packs/Microchip/ATtiny_DFP/2.7.128/xc8/avr/lib/avrxmega3/short-calls/crtattiny416.o
 .debug_str     0x00000000000009a7       0x13 build/default/production/mcc_generated_files/src/cpuint.o
 .debug_str     0x00000000000009ba       0x1c build/default/production/mcc_generated_files/src/pin_manager.o
 .debug_str     0x00000000000009d6        0xf build/default/production/mcc_generated_files/src/twi0_master.o
 .debug_str     0x00000000000009e5        0x0 build/default/production/mcc_generated_files/device_config.o
 .debug_str     0x00000000000009e5       0x60 build/default/production/mcc_generated_files/mcc.o
 .debug_str     0x0000000000000a45       0x2f build/default/production/main.o
 .debug_str     0x0000000000000a74       0x7e build/default/production/SSD1306.o
 .debug_str     0x0000000000000af2       0x3f build/default/production/I2C.o

.debug_loc      0x0000000000000000      0x973
 *(.debug_loc)
 .debug_loc     0x0000000000000000       0x2a build/default/production/mcc_generated_files/src/cpuint.o
 .debug_loc     0x000000000000002a       0x36 build/default/production/mcc_generated_files/src/pin_manager.o
 .debug_loc     0x0000000000000060      0x507 build/default/production/mcc_generated_files/src/twi0_master.o
 .debug_loc     0x0000000000000567      0x172 build/default/production/mcc_generated_files/mcc.o
 .debug_loc     0x00000000000006d9      0x1d3 build/default/production/SSD1306.o
 .debug_loc     0x00000000000008ac       0xc7 build/default/production/I2C.o

.debug_macinfo
 *(.debug_macinfo)

.debug_weaknames
 *(.debug_weaknames)

.debug_funcnames
 *(.debug_funcnames)

.debug_typenames
 *(.debug_typenames)

.debug_varnames
 *(.debug_varnames)

.debug_pubtypes
 *(.debug_pubtypes)

.debug_ranges   0x0000000000000000      0x2f8
 *(.debug_ranges)
 .debug_ranges  0x0000000000000000       0x10 build/default/production/mcc_generated_files/src/cpuint.o
 .debug_ranges  0x0000000000000010       0x38 build/default/production/mcc_generated_files/src/pin_manager.o
 .debug_ranges  0x0000000000000048      0x1e8 build/default/production/mcc_generated_files/src/twi0_master.o
 .debug_ranges  0x0000000000000230       0x38 build/default/production/mcc_generated_files/mcc.o
 .debug_ranges  0x0000000000000268       0x10 build/default/production/main.o
 .debug_ranges  0x0000000000000278       0x40 build/default/production/SSD1306.o
 .debug_ranges  0x00000000000002b8       0x40 build/default/production/I2C.o

.debug_macro
 *(.debug_macro)
OUTPUT(dist/default/production/SSD1306_.X.production.elf elf32-avr)
LOAD linker stubs
LOAD data_init

.note.gnu.avr.deviceinfo
                0x0000000000000000       0x3c
 .note.gnu.avr.deviceinfo
                0x0000000000000000       0x3c C:/Users/edog0049a/.mchp_packs/Microchip/ATtiny_DFP/2.7.128/xc8/avr/lib/avrxmega3/short-calls/crtattiny416.o

.bss.IC_status  0x0000000000803f24       0x24
 .bss.IC_status
                0x0000000000803f24       0x24 build/default/production/mcc_generated_files/src/twi0_master.o
                0x0000000000803f24                IC_status

.rodata.Font7x10
                0x0000000000808098      0x1e5 load address 0x0000000000000098
 .rodata.Font7x10
                0x0000000000808098      0x1e5 build/default/production/SSD1306.o

.text.IC_DO_RX  0x000000000000027e       0x96
 .text.IC_DO_RX
                0x000000000000027e       0x96 build/default/production/mcc_generated_files/src/twi0_master.o

.text.PIN_MANAGER_Initialize
                0x0000000000000314       0x82
 .text.PIN_MANAGER_Initialize
                0x0000000000000314       0x82 build/default/production/mcc_generated_files/src/pin_manager.o
                0x0000000000000314                PIN_MANAGER_Initialize

.text.main      0x0000000000000396       0x76
 .text.main     0x0000000000000396       0x76 build/default/production/main.o
                0x0000000000000396                main

.text.IC_DO_TX_EMPTY
                0x000000000000040c       0x6c
 .text.IC_DO_TX_EMPTY
                0x000000000000040c       0x6c build/default/production/mcc_generated_files/src/twi0_master.o

.text.SSD1306_PrintStr
                0x0000000000000478       0x6c
 .text.SSD1306_PrintStr
                0x0000000000000478       0x6c build/default/production/SSD1306.o
                0x0000000000000478                SSD1306_PrintStr

.text.IC_DO_TX  0x00000000000004e4       0x68
 .text.IC_DO_TX
                0x00000000000004e4       0x68 build/default/production/mcc_generated_files/src/twi0_master.o

.text.IC_Open   0x000000000000054c       0x64
 .text.IC_Open  0x000000000000054c       0x64 build/default/production/mcc_generated_files/src/twi0_master.o
                0x000000000000054c                IC_Open

.text.SSD1306_int
                0x00000000000005b0       0x62
 .text.SSD1306_int
                0x00000000000005b0       0x62 build/default/production/SSD1306.o
                0x00000000000005b0                SSD1306_int

.text.IC_MasterIsr
                0x0000000000000612       0x52
 .text.IC_MasterIsr
                0x0000000000000612       0x52 build/default/production/mcc_generated_files/src/twi0_master.o

.text.IC_set_callback
                0x0000000000000664       0x4a
 .text.IC_set_callback
                0x0000000000000664       0x4a build/default/production/mcc_generated_files/src/twi0_master.o

.text.SSD1306_PrintChar
                0x00000000000006ae       0x48
 .text.SSD1306_PrintChar
                0x00000000000006ae       0x48 build/default/production/SSD1306.o
                0x00000000000006ae                SSD1306_PrintChar

.text.IC_Close  0x00000000000006f6       0x42
 .text.IC_Close
                0x00000000000006f6       0x42 build/default/production/mcc_generated_files/src/twi0_master.o
                0x00000000000006f6                IC_Close

.text.CLKCTRL_Initialize
                0x0000000000000738       0x40
 .text.CLKCTRL_Initialize
                0x0000000000000738       0x40 build/default/production/mcc_generated_files/mcc.o
                0x0000000000000738                CLKCTRL_Initialize

.text.IC_DO_ADDRESS_NACK
                0x0000000000000778       0x3e
 .text.IC_DO_ADDRESS_NACK
                0x0000000000000778       0x3e build/default/production/mcc_generated_files/src/twi0_master.o

.text.I2C_Buffer_Add3
                0x00000000000007b6       0x3a
 .text.I2C_Buffer_Add3
                0x00000000000007b6       0x3a build/default/production/I2C.o
                0x00000000000007b6                I2C_Buffer_Add3

.text.PORT_Initialize
                0x00000000000007f0       0x38
 .text.PORT_Initialize
                0x00000000000007f0       0x38 build/default/production/mcc_generated_files/src/pin_manager.o
                0x00000000000007f0                PORT_Initialize

.text.IC_DO_BUS_COLLISION
                0x0000000000000828       0x36
 .text.IC_DO_BUS_COLLISION
                0x0000000000000828       0x36 build/default/production/mcc_generated_files/src/twi0_master.o

.text.I2C_Write
                0x000000000000085e       0x32
 .text.I2C_Write
                0x000000000000085e       0x32 build/default/production/I2C.o
                0x000000000000085e                I2C_Write

.text.SSD1306_clr_screen
                0x0000000000000890       0x30
 .text.SSD1306_clr_screen
                0x0000000000000890       0x30 build/default/production/SSD1306.o
                0x0000000000000890                SSD1306_clr_screen

.text.IC_MasterOperation
                0x00000000000008c0       0x2e
 .text.IC_MasterOperation
                0x00000000000008c0       0x2e build/default/production/mcc_generated_files/src/twi0_master.o
                0x00000000000008c0                IC_MasterOperation

.text.I2C_Buffer_Add2
                0x00000000000008ee       0x2c
 .text.I2C_Buffer_Add2
                0x00000000000008ee       0x2c build/default/production/I2C.o
                0x00000000000008ee                I2C_Buffer_Add2

.text.IC_SetBuffer
                0x000000000000091a       0x22
 .text.IC_SetBuffer
                0x000000000000091a       0x22 build/default/production/mcc_generated_files/src/twi0_master.o
                0x000000000000091a                IC_SetBuffer

.text.IC_Poller
                0x000000000000093c       0x20
 .text.IC_Poller
                0x000000000000093c       0x20 build/default/production/mcc_generated_files/src/twi0_master.o
                0x000000000000093c                IC_Poller

.text.__vector_2
                0x000000000000095c       0x1e
 .text.__vector_2
                0x000000000000095c       0x1e build/default/production/mcc_generated_files/mcc.o
                0x000000000000095c                __vector_2

.text.IC_DO_SEND_ADR_READ
                0x000000000000097a       0x1a
 .text.IC_DO_SEND_ADR_READ
                0x000000000000097a       0x1a build/default/production/mcc_generated_files/src/twi0_master.o

.text.IC_Initialize
                0x0000000000000994       0x1a
 .text.IC_Initialize
                0x0000000000000994       0x1a build/default/production/mcc_generated_files/src/twi0_master.o
                0x0000000000000994                IC_Initialize

.text.IC_DO_SEND_ADR_WRITE
                0x00000000000009ae       0x18
 .text.IC_DO_SEND_ADR_WRITE
                0x00000000000009ae       0x18 build/default/production/mcc_generated_files/src/twi0_master.o

.text.CPUINT_Initialize
                0x00000000000009c6       0x16
 .text.CPUINT_Initialize
                0x00000000000009c6       0x16 build/default/production/mcc_generated_files/src/cpuint.o
                0x00000000000009c6                CPUINT_Initialize

.text.IC_DO_BUS_ERROR
                0x00000000000009dc       0x16
 .text.IC_DO_BUS_ERROR
                0x00000000000009dc       0x16 build/default/production/mcc_generated_files/src/twi0_master.o

.text.IC_DO_RX_NACK_STOP
                0x00000000000009f2       0x16
 .text.IC_DO_RX_NACK_STOP
                0x00000000000009f2       0x16 build/default/production/mcc_generated_files/src/twi0_master.o

.text.BOD_Initialize
                0x0000000000000a08       0x16
 .text.BOD_Initialize
                0x0000000000000a08       0x16 build/default/production/mcc_generated_files/mcc.o
                0x0000000000000a08                BOD_Initialize

.text.I2C_Fill_Buffer
                0x0000000000000a1e       0x16
 .text.I2C_Fill_Buffer
                0x0000000000000a1e       0x16 build/default/production/I2C.o
                0x0000000000000a1e                I2C_Fill_Buffer

.text.I2C_Buffer_Add1
                0x0000000000000a34       0x16
 .text.I2C_Buffer_Add1
                0x0000000000000a34       0x16 build/default/production/I2C.o
                0x0000000000000a34                I2C_Buffer_Add1

.text.IC_DO_RESET
                0x0000000000000a4a       0x14
 .text.IC_DO_RESET
                0x0000000000000a4a       0x14 build/default/production/mcc_generated_files/src/twi0_master.o

.text.IC_DO_SEND_STOP
                0x0000000000000a5e       0x14
 .text.IC_DO_SEND_STOP
                0x0000000000000a5e       0x14 build/default/production/mcc_generated_files/src/twi0_master.o

.text.IC_DO_IDLE
                0x0000000000000a72       0x12
 .text.IC_DO_IDLE
                0x0000000000000a72       0x12 build/default/production/mcc_generated_files/src/twi0_master.o

.text.IC_MasterResetBus
                0x0000000000000a84       0x12
 .text.IC_MasterResetBus
                0x0000000000000a84       0x12 build/default/production/mcc_generated_files/src/twi0_master.o
                0x0000000000000a84                IC_MasterResetBus

.text.IC_MasterWaitForEvent
                0x0000000000000a96       0x12
 .text.IC_MasterWaitForEvent
                0x0000000000000a96       0x12 build/default/production/mcc_generated_files/src/twi0_master.o
                0x0000000000000a96                IC_MasterWaitForEvent

.text.SYSTEM_Initialize
                0x0000000000000aa8       0x10
 .text.SYSTEM_Initialize
                0x0000000000000aa8       0x10 build/default/production/mcc_generated_files/mcc.o
                0x0000000000000aa8                SYSTEM_Initialize

.text.SLPCTRL_Initialize
                0x0000000000000ab8        0xe
 .text.SLPCTRL_Initialize
                0x0000000000000ab8        0xe build/default/production/mcc_generated_files/mcc.o
                0x0000000000000ab8                SLPCTRL_Initialize

.text.WDT_Initialize
                0x0000000000000ac6        0xe
 .text.WDT_Initialize
                0x0000000000000ac6        0xe build/default/production/mcc_generated_files/mcc.o
                0x0000000000000ac6                WDT_Initialize

.text.avrlibc   0x0000000000000ad4        0xe
 .text.avrlibc  0x0000000000000ad4        0xe c:/program files/microchip/xc8/v2.20/avr/bin/../lib/gcc/avr/5.4.0/../../../../avr/lib/avrxmega3/short-calls\libc.a(memset.o)
                0x0000000000000ad4                memset

.text.IC_MasterDisableIrq
                0x0000000000000ae2        0xc
 .text.IC_MasterDisableIrq
                0x0000000000000ae2        0xc build/default/production/mcc_generated_files/src/twi0_master.o
                0x0000000000000ae2                IC_MasterDisableIrq

.text.IC_MasterClearIrq
                0x0000000000000aee        0xc
 .text.IC_MasterClearIrq
                0x0000000000000aee        0xc build/default/production/mcc_generated_files/src/twi0_master.o
                0x0000000000000aee                IC_MasterClearIrq

.text.IC_MasterBusErrorOverride
                0x0000000000000afa        0xc
 .text.IC_MasterBusErrorOverride
                0x0000000000000afa        0xc build/default/production/mcc_generated_files/src/twi0_master.o
                0x0000000000000afa                IC_MasterBusErrorOverride

.text.IC_MasterArbitrationlostOverride
                0x0000000000000b06        0xc
 .text.IC_MasterArbitrationlostOverride
                0x0000000000000b06        0xc build/default/production/mcc_generated_files/src/twi0_master.o
                0x0000000000000b06                IC_MasterArbitrationlostOverride

.text.IC_MasterIsRxOrTx
                0x0000000000000b12        0xc
 .text.IC_MasterIsRxOrTx
                0x0000000000000b12        0xc build/default/production/mcc_generated_files/src/twi0_master.o
                0x0000000000000b12                IC_MasterIsRxOrTx

.text.IC_MasterClearBusCollision
                0x0000000000000b1e        0xc
 .text.IC_MasterClearBusCollision
                0x0000000000000b1e        0xc build/default/production/mcc_generated_files/src/twi0_master.o
                0x0000000000000b1e                IC_MasterClearBusCollision

.text.IC_MasterStop
                0x0000000000000b2a        0xc
 .text.IC_MasterStop
                0x0000000000000b2a        0xc build/default/production/mcc_generated_files/src/twi0_master.o
                0x0000000000000b2a                IC_MasterStop

.text.IC_MasterSendAck
                0x0000000000000b36        0xc
 .text.IC_MasterSendAck
                0x0000000000000b36        0xc build/default/production/mcc_generated_files/src/twi0_master.o
                0x0000000000000b36                IC_MasterSendAck

.text.IC_MasterSendNack
                0x0000000000000b42        0xc
 .text.IC_MasterSendNack
                0x0000000000000b42        0xc build/default/production/mcc_generated_files/src/twi0_master.o
                0x0000000000000b42                IC_MasterSendNack

.text.IC_SetAddressNackCallback
                0x0000000000000b4e        0xa
 .text.IC_SetAddressNackCallback
                0x0000000000000b4e        0xa build/default/production/mcc_generated_files/src/twi0_master.o
                0x0000000000000b4e                IC_SetAddressNackCallback

.text.IC_MasterIsNack
                0x0000000000000b58        0xa
 .text.IC_MasterIsNack
                0x0000000000000b58        0xa build/default/production/mcc_generated_files/src/twi0_master.o
                0x0000000000000b58                IC_MasterIsNack

.rodata         0x0000000000808b62        0xa load address 0x0000000000000b62
 .rodata        0x0000000000808b62        0xa build/default/production/main.o

.text.SSD1306_Screen_Test
                0x0000000000000b6c        0xa
 .text.SSD1306_Screen_Test
                0x0000000000000b6c        0xa build/default/production/SSD1306.o
                0x0000000000000b6c                SSD1306_Screen_Test

.text.protected_write_io
                0x0000000000000b76        0x8
 .text.protected_write_io
                0x0000000000000b76        0x8 build/default/production/mcc_generated_files/src/protected_io.o
                0x0000000000000b76                protected_write_io

.text.SSD1306_send_data
                0x0000000000000b7e        0x8
 .text.SSD1306_send_data
                0x0000000000000b7e        0x8 build/default/production/SSD1306.o
                0x0000000000000b7e                SSD1306_send_data

.text.SSD1306_send_CMD
                0x0000000000000b86        0x8
 .text.SSD1306_send_CMD
                0x0000000000000b86        0x8 build/default/production/SSD1306.o
                0x0000000000000b86                SSD1306_send_CMD

.text.I2C_Reset_Buffer
                0x0000000000000b8e        0x8
 .text.I2C_Reset_Buffer
                0x0000000000000b8e        0x8 build/default/production/I2C.o
                0x0000000000000b8e                I2C_Reset_Buffer

.text.IC_MasterWrite
                0x0000000000000b96        0x6
 .text.IC_MasterWrite
                0x0000000000000b96        0x6 build/default/production/mcc_generated_files/src/twi0_master.o
                0x0000000000000b96                IC_MasterWrite

.text.IC_DO_TX_ACK
                0x0000000000000b9c        0x6
 .text.IC_DO_TX_ACK
                0x0000000000000b9c        0x6 build/default/production/mcc_generated_files/src/twi0_master.o

.text.IC_DO_RX_ACK
                0x0000000000000ba2        0x6
 .text.IC_DO_RX_ACK
                0x0000000000000ba2        0x6 build/default/production/mcc_generated_files/src/twi0_master.o

.text.IC_DO_RX_NACK_RESTART
                0x0000000000000ba8        0x6
 .text.IC_DO_RX_NACK_RESTART
                0x0000000000000ba8        0x6 build/default/production/mcc_generated_files/src/twi0_master.o

.text.IC_RETURN_STOP
                0x0000000000000bae        0x4
 .text.IC_RETURN_STOP
                0x0000000000000bae        0x4 build/default/production/mcc_generated_files/src/twi0_master.o

.text.IC_RETURN_RESET
                0x0000000000000bb2        0x4
 .text.IC_RETURN_RESET
                0x0000000000000bb2        0x4 build/default/production/mcc_generated_files/src/twi0_master.o

.text.IC_DO_SEND_RESTART
                0x0000000000000bb6        0x4
 .text.IC_DO_SEND_RESTART
                0x0000000000000bb6        0x4 build/default/production/mcc_generated_files/src/twi0_master.o

.text.IC_DO_SEND_RESTART_READ
                0x0000000000000bba        0x4
 .text.IC_DO_SEND_RESTART_READ
                0x0000000000000bba        0x4 build/default/production/mcc_generated_files/src/twi0_master.o

.text.IC_DO_SEND_RESTART_WRITE
                0x0000000000000bbe        0x4
 .text.IC_DO_SEND_RESTART_WRITE
                0x0000000000000bbe        0x4 build/default/production/mcc_generated_files/src/twi0_master.o

.text.IC_SetRestartWriteCallback
                0x0000000000000bc2        0x4
 .text.IC_SetRestartWriteCallback
                0x0000000000000bc2        0x4 build/default/production/mcc_generated_files/src/twi0_master.o
                0x0000000000000bc2                IC_SetRestartWriteCallback

.text           0x0000000000000bc6        0x2
 .text          0x0000000000000bc6        0x2 C:/Users/edog0049a/.mchp_packs/Microchip/ATtiny_DFP/2.7.128/xc8/avr/lib/avrxmega3/short-calls/crtattiny416.o
                0x0000000000000bc6                __vector_22
                0x0000000000000bc6                __vector_1
                0x0000000000000bc6                __vector_24
                0x0000000000000bc6                __vector_12
                0x0000000000000bc6                __bad_interrupt
                0x0000000000000bc6                __vector_6
                0x0000000000000bc6                __vector_3
                0x0000000000000bc6                __vector_23
                0x0000000000000bc6                __vector_25
                0x0000000000000bc6                __vector_11
                0x0000000000000bc6                __vector_13
                0x0000000000000bc6                __vector_17
                0x0000000000000bc6                __vector_19
                0x0000000000000bc6                __vector_7
                0x0000000000000bc6                __vector_5
                0x0000000000000bc6                __vector_4
                0x0000000000000bc6                __vector_9
                0x0000000000000bc6                __vector_21
                0x0000000000000bc6                __vector_15
                0x0000000000000bc6                __vector_8
                0x0000000000000bc6                __vector_14
                0x0000000000000bc6                __vector_10
                0x0000000000000bc6                __vector_16
                0x0000000000000bc6                __vector_18
                0x0000000000000bc6                __vector_20

.data.IC_fsmStateTable
                0x0000000000803f00       0x24 load address 0x0000000000000bc8
 .data.IC_fsmStateTable
                0x0000000000803f00       0x24 build/default/production/mcc_generated_files/src/twi0_master.o
                0x0000000000803f00                IC_fsmStateTable

.data.I2C_buffer
                0x0000000000803f48       0x22 load address 0x0000000000000bec
 .data.I2C_buffer
                0x0000000000803f48       0x22 build/default/production/I2C.o
                0x0000000000803f48                I2C_buffer
